input: string
i
input: odd
d
input: 1234
3
input: test123
t
input: here
r
input: a
a
input: ab
b
input: abc
b
input: abcd
c
input: abcde
c
