input: string
ri
input: odd
d
input: 1234
23
input: test123
t
input: here
er
input: a
a
input: ab
ab
input: abc
b
input: abcd
bc
input: abcde
c
